Archive member included because of file (symbol)

/usr/bin/../lib/gcc/arm-none-eabi/4.9.3/armv7e-m/libgcc.a(unwind-arm.o)
                              ./system/src/newlib/_cxx.o (__aeabi_unwind_cpp_pr1)
/usr/bin/../lib/gcc/arm-none-eabi/4.9.3/armv7e-m/libgcc.a(libunwind.o)
                              /usr/bin/../lib/gcc/arm-none-eabi/4.9.3/armv7e-m/libgcc.a(unwind-arm.o) (restore_core_regs)
/usr/bin/../lib/gcc/arm-none-eabi/4.9.3/armv7e-m/libgcc.a(pr-support.o)
                              /usr/bin/../lib/gcc/arm-none-eabi/4.9.3/armv7e-m/libgcc.a(unwind-arm.o) (__gnu_unwind_execute)
/usr/bin/../lib/gcc/arm-none-eabi/4.9.3/../../../../arm-none-eabi/lib/armv7e-m/libg_nano.a(lib_a-errno.o)
                              ./system/src/newlib/_sbrk.o (__errno)
/usr/bin/../lib/gcc/arm-none-eabi/4.9.3/../../../../arm-none-eabi/lib/armv7e-m/libg_nano.a(lib_a-impure.o)
                              /usr/bin/../lib/gcc/arm-none-eabi/4.9.3/../../../../arm-none-eabi/lib/armv7e-m/libg_nano.a(lib_a-errno.o) (_impure_ptr)
/usr/bin/../lib/gcc/arm-none-eabi/4.9.3/../../../../arm-none-eabi/lib/armv7e-m/libg_nano.a(lib_a-init.o)
                              ./system/src/cmsis/startup_stm32f401xe.o (__libc_init_array)
/usr/bin/../lib/gcc/arm-none-eabi/4.9.3/../../../../arm-none-eabi/lib/armv7e-m/libg_nano.a(lib_a-memcpy.o)
                              /usr/bin/../lib/gcc/arm-none-eabi/4.9.3/armv7e-m/libgcc.a(unwind-arm.o) (memcpy)
/usr/bin/../lib/gcc/arm-none-eabi/4.9.3/../../../../arm-none-eabi/lib/armv7e-m/libg_nano.a(lib_a-strlen.o)
                              ./system/src/diag/Trace.o (strlen)
/usr/bin/../lib/gcc/arm-none-eabi/4.9.3/../../../../arm-none-eabi/lib/armv7e-m/libg_nano.a(lib_a-vsnprintf.o)
                              ./system/src/diag/Trace.o (vsnprintf)
/usr/bin/../lib/gcc/arm-none-eabi/4.9.3/../../../../arm-none-eabi/lib/armv7e-m/libg_nano.a(lib_a-nano-svfprintf.o)
                              /usr/bin/../lib/gcc/arm-none-eabi/4.9.3/../../../../arm-none-eabi/lib/armv7e-m/libg_nano.a(lib_a-vsnprintf.o) (_svfprintf_r)
/usr/bin/../lib/gcc/arm-none-eabi/4.9.3/../../../../arm-none-eabi/lib/armv7e-m/libg_nano.a(lib_a-nano-vfprintf_i.o)
                              /usr/bin/../lib/gcc/arm-none-eabi/4.9.3/../../../../arm-none-eabi/lib/armv7e-m/libg_nano.a(lib_a-nano-svfprintf.o) (_printf_i)
/usr/bin/../lib/gcc/arm-none-eabi/4.9.3/../../../../arm-none-eabi/lib/armv7e-m/libg_nano.a(lib_a-memchr.o)
                              /usr/bin/../lib/gcc/arm-none-eabi/4.9.3/../../../../arm-none-eabi/lib/armv7e-m/libg_nano.a(lib_a-nano-svfprintf.o) (memchr)
/usr/bin/../lib/gcc/arm-none-eabi/4.9.3/../../../../arm-none-eabi/lib/armv7e-m/libg_nano.a(lib_a-memmove.o)
                              /usr/bin/../lib/gcc/arm-none-eabi/4.9.3/../../../../arm-none-eabi/lib/armv7e-m/libg_nano.a(lib_a-nano-svfprintf.o) (memmove)
/usr/bin/../lib/gcc/arm-none-eabi/4.9.3/../../../../arm-none-eabi/lib/armv7e-m/libg_nano.a(lib_a-nano-freer.o)
                              /usr/bin/../lib/gcc/arm-none-eabi/4.9.3/../../../../arm-none-eabi/lib/armv7e-m/libg_nano.a(lib_a-nano-svfprintf.o) (_free_r)
/usr/bin/../lib/gcc/arm-none-eabi/4.9.3/../../../../arm-none-eabi/lib/armv7e-m/libg_nano.a(lib_a-nano-mallocr.o)
                              /usr/bin/../lib/gcc/arm-none-eabi/4.9.3/../../../../arm-none-eabi/lib/armv7e-m/libg_nano.a(lib_a-nano-svfprintf.o) (_malloc_r)
/usr/bin/../lib/gcc/arm-none-eabi/4.9.3/../../../../arm-none-eabi/lib/armv7e-m/libg_nano.a(lib_a-nano-reallocr.o)
                              /usr/bin/../lib/gcc/arm-none-eabi/4.9.3/../../../../arm-none-eabi/lib/armv7e-m/libg_nano.a(lib_a-nano-svfprintf.o) (_realloc_r)
/usr/bin/../lib/gcc/arm-none-eabi/4.9.3/../../../../arm-none-eabi/lib/armv7e-m/libg_nano.a(lib_a-sbrkr.o)
                              /usr/bin/../lib/gcc/arm-none-eabi/4.9.3/../../../../arm-none-eabi/lib/armv7e-m/libg_nano.a(lib_a-nano-mallocr.o) (_sbrk_r)
/usr/bin/../lib/gcc/arm-none-eabi/4.9.3/../../../../arm-none-eabi/lib/armv7e-m/libg_nano.a(lib_a-nano-msizer.o)
                              /usr/bin/../lib/gcc/arm-none-eabi/4.9.3/../../../../arm-none-eabi/lib/armv7e-m/libg_nano.a(lib_a-nano-reallocr.o) (_malloc_usable_size_r)

Allocating common symbols
Common symbol       size              file

errno               0x4               ./system/src/newlib/_syscalls.o
uwTick              0x4               ./system/src/stm32f4xx/stm32f4xx_hal.o
pFlash              0x20              ./system/src/stm32f4xx/stm32f4xx_hal_flash.o

Discarded input sections

 .group         0x0000000000000000        0x8 ./system/src/stm32f4xx/stm32f4xx_hal.o
 .group         0x0000000000000000        0x8 ./system/src/stm32f4xx/stm32f4xx_hal.o
 .group         0x0000000000000000        0x8 ./system/src/stm32f4xx/stm32f4xx_hal.o
 .group         0x0000000000000000        0x8 ./system/src/stm32f4xx/stm32f4xx_hal.o
 .group         0x0000000000000000        0x8 ./system/src/stm32f4xx/stm32f4xx_hal.o
[...]
Memory Configuration

Name             Origin             Length             Attributes
FLASH            0x0000000008000000 0x0000000000080000 xr
RAM              0x0000000020000000 0x0000000000018000 xrw
CCMRAM           0x0000000010000000 0x0000000000000000 xrw
FLASHB1          0x0000000000000000 0x0000000000000000 xr
EXTMEMB0         0x0000000000000000 0x0000000000000000 xr
EXTMEMB1         0x0000000000000000 0x0000000000000000 xr
EXTMEMB2         0x0000000000000000 0x0000000000000000 xr
EXTMEMB3         0x0000000000000000 0x0000000000000000 xr
*default*        0x0000000000000000 0xffffffffffffffff

Linker script and memory map

LOAD ./system/src/stm32f4xx/stm32f4xx_hal.o
LOAD ./system/src/stm32f4xx/stm32f4xx_hal_adc.o
LOAD ./system/src/stm32f4xx/stm32f4xx_hal_adc_ex.o
LOAD ./system/src/stm32f4xx/stm32f4xx_hal_can.o
LOAD ./system/src/stm32f4xx/stm32f4xx_hal_cec.o
LOAD ./system/src/stm32f4xx/stm32f4xx_hal_cortex.o
LOAD ./system/src/stm32f4xx/stm32f4xx_hal_crc.o
LOAD ./system/src/stm32f4xx/stm32f4xx_hal_cryp.o
LOAD ./system/src/stm32f4xx/stm32f4xx_hal_cryp_ex.o
LOAD ./system/src/stm32f4xx/stm32f4xx_hal_dac.o
LOAD ./system/src/stm32f4xx/stm32f4xx_hal_dac_ex.o
LOAD ./system/src/stm32f4xx/stm32f4xx_hal_dcmi.o
LOAD ./system/src/stm32f4xx/stm32f4xx_hal_dcmi_ex.o
LOAD ./system/src/stm32f4xx/stm32f4xx_hal_dfsdm.o
LOAD ./system/src/stm32f4xx/stm32f4xx_hal_dma.o
LOAD ./system/src/stm32f4xx/stm32f4xx_hal_dma2d.o
LOAD ./system/src/stm32f4xx/stm32f4xx_hal_dma_ex.o
LOAD ./system/src/stm32f4xx/stm32f4xx_hal_dsi.o
LOAD ./system/src/stm32f4xx/stm32f4xx_hal_eth.o
LOAD ./system/src/stm32f4xx/stm32f4xx_hal_flash.o
LOAD ./system/src/stm32f4xx/stm32f4xx_hal_flash_ex.o
LOAD ./system/src/stm32f4xx/stm32f4xx_hal_flash_ramfunc.o
LOAD ./system/src/stm32f4xx/stm32f4xx_hal_fmpi2c.o
LOAD ./system/src/stm32f4xx/stm32f4xx_hal_fmpi2c_ex.o
LOAD ./system/src/stm32f4xx/stm32f4xx_hal_gpio.o
LOAD ./system/src/stm32f4xx/stm32f4xx_hal_hash.o
LOAD ./system/src/stm32f4xx/stm32f4xx_hal_hash_ex.o
LOAD ./system/src/stm32f4xx/stm32f4xx_hal_hcd.o
LOAD ./system/src/stm32f4xx/stm32f4xx_hal_i2c.o
LOAD ./system/src/stm32f4xx/stm32f4xx_hal_i2c_ex.o
LOAD ./system/src/stm32f4xx/stm32f4xx_hal_i2s.o
LOAD ./system/src/stm32f4xx/stm32f4xx_hal_i2s_ex.o
LOAD ./system/src/stm32f4xx/stm32f4xx_hal_irda.o
LOAD ./system/src/stm32f4xx/stm32f4xx_hal_iwdg.o
LOAD ./system/src/stm32f4xx/stm32f4xx_hal_lptim.o
LOAD ./system/src/stm32f4xx/stm32f4xx_hal_ltdc.o
LOAD ./system/src/stm32f4xx/stm32f4xx_hal_ltdc_ex.o
LOAD ./system/src/stm32f4xx/stm32f4xx_hal_nand.o
LOAD ./system/src/stm32f4xx/stm32f4xx_hal_nor.o
LOAD ./system/src/stm32f4xx/stm32f4xx_hal_pccard.o
LOAD ./system/src/stm32f4xx/stm32f4xx_hal_pcd.o
LOAD ./system/src/stm32f4xx/stm32f4xx_hal_pcd_ex.o
LOAD ./system/src/stm32f4xx/stm32f4xx_hal_pwr.o
LOAD ./system/src/stm32f4xx/stm32f4xx_hal_pwr_ex.o
LOAD ./system/src/stm32f4xx/stm32f4xx_hal_qspi.o
LOAD ./system/src/stm32f4xx/stm32f4xx_hal_rcc.o
LOAD ./system/src/stm32f4xx/stm32f4xx_hal_rcc_ex.o
LOAD ./system/src/stm32f4xx/stm32f4xx_hal_rng.o
LOAD ./system/src/stm32f4xx/stm32f4xx_hal_rtc.o
LOAD ./system/src/stm32f4xx/stm32f4xx_hal_rtc_ex.o
LOAD ./system/src/stm32f4xx/stm32f4xx_hal_sai.o
LOAD ./system/src/stm32f4xx/stm32f4xx_hal_sai_ex.o
LOAD ./system/src/stm32f4xx/stm32f4xx_hal_sd.o
LOAD ./system/src/stm32f4xx/stm32f4xx_hal_sdram.o
LOAD ./system/src/stm32f4xx/stm32f4xx_hal_smartcard.o
LOAD ./system/src/stm32f4xx/stm32f4xx_hal_spdifrx.o
LOAD ./system/src/stm32f4xx/stm32f4xx_hal_spi.o
LOAD ./system/src/stm32f4xx/stm32f4xx_hal_sram.o
LOAD ./system/src/stm32f4xx/stm32f4xx_hal_tim.o
LOAD ./system/src/stm32f4xx/stm32f4xx_hal_tim_ex.o
LOAD ./system/src/stm32f4xx/stm32f4xx_hal_uart.o
LOAD ./system/src/stm32f4xx/stm32f4xx_hal_usart.o
LOAD ./system/src/stm32f4xx/stm32f4xx_hal_wwdg.o
LOAD ./system/src/stm32f4xx/stm32f4xx_ll_fmc.o
LOAD ./system/src/stm32f4xx/stm32f4xx_ll_fsmc.o
LOAD ./system/src/stm32f4xx/stm32f4xx_ll_sdmmc.o
LOAD ./system/src/stm32f4xx/stm32f4xx_ll_usb.o
LOAD ./system/src/newlib/_cxx.o
LOAD ./system/src/newlib/_exit.o
LOAD ./system/src/newlib/_sbrk.o
LOAD ./system/src/newlib/_startup.o
LOAD ./system/src/newlib/_syscalls.o
LOAD ./system/src/newlib/assert.o
LOAD ./system/src/diag/Trace.o
LOAD ./system/src/diag/trace_impl.o
LOAD ./system/src/cortexm/_initialize_hardware.o
LOAD ./system/src/cortexm/_reset_hardware.o
LOAD ./system/src/cortexm/exception_handlers.o
LOAD ./system/src/cmsis/startup_stm32f401xe.o
LOAD ./system/src/cmsis/system_stm32f4xx.o
LOAD ./src/_write.o
LOAD ./src/main.o
LOAD ./src/stm32f4xx_it.o
LOAD ./src/stm32f4xx_nucleo.o
LOAD /usr/bin/../lib/gcc/arm-none-eabi/4.9.3/../../../../arm-none-eabi/lib/armv7e-m/libstdc++_nano.a
LOAD /usr/bin/../lib/gcc/arm-none-eabi/4.9.3/../../../../arm-none-eabi/lib/armv7e-m/libm.a
START GROUP
LOAD /usr/bin/../lib/gcc/arm-none-eabi/4.9.3/armv7e-m/libgcc.a
LOAD /usr/bin/../lib/gcc/arm-none-eabi/4.9.3/../../../../arm-none-eabi/lib/armv7e-m/libg_nano.a
LOAD /usr/bin/../lib/gcc/arm-none-eabi/4.9.3/../../../../arm-none-eabi/lib/armv7e-m/libc_nano.a
END GROUP
START GROUP
LOAD /usr/bin/../lib/gcc/arm-none-eabi/4.9.3/armv7e-m/libgcc.a
LOAD /usr/bin/../lib/gcc/arm-none-eabi/4.9.3/../../../../arm-none-eabi/lib/armv7e-m/libc_nano.a
END GROUP
                0x0000000020018000                __stack = (ORIGIN (RAM) + 0x18000)
                0x0000000020018000                _estack = __stack
                0x0000000000000400                __Main_Stack_Size = 0x400
                0x0000000000000400                PROVIDE (_Main_Stack_Size, __Main_Stack_Size)
                0x0000000020017c00                __Main_Stack_Limit = (__stack - __Main_Stack_Size)
                0x0000000020017c00                PROVIDE (_Main_Stack_Limit, __Main_Stack_Limit)
                0x0000000000000100                _Minimum_Stack_Size = 0x100
                0x000000002000012c                PROVIDE (_Heap_Begin, _end_noinit)
                0x0000000020017c00                PROVIDE (_Heap_Limit, (__stack - __Main_Stack_Size))

.isr_vector     0x0000000008000000      0x3ac
 FILL mask 0xff
                0x0000000008000000                __vectors_start = ABSOLUTE (.)
                0x0000000008000000                __vectors_start__ = ABSOLUTE (.)
 *(.isr_vector)
 .isr_vector    0x0000000008000000      0x194 ./system/src/cmsis/startup_stm32f401xe.o
                0x0000000008000000                g_pfnVectors
 *(.cfmconfig)
 *(.after_vectors .after_vectors.*)
 .after_vectors
                0x0000000008000194      0x114 ./system/src/newlib/_startup.o
                0x0000000008000194                _start
 .after_vectors
                0x00000000080002a8      0x104 ./system/src/cortexm/exception_handlers.o
                0x00000000080002a8                Reset_Handler
                0x00000000080002c8                HardFault_Handler_C
                0x0000000008000314                BusFault_Handler_C
                0x000000000800035c                UsageFault_Handler_C

.inits          0x00000000080003ac       0x28
                0x00000000080003ac                __data_regions_array_start = .
                0x00000000080003ac        0x4 LONG 0x8001a88 LOADADDR (.data)
                0x00000000080003b0        0x4 LONG 0x20000000 ADDR (.data)
                0x00000000080003b4        0x4 LONG 0x20000078 (ADDR (.data) + SIZEOF (.data))
                0x00000000080003b8        0x4 LONG 0x8001a88 LOADADDR (.data_CCMRAM)
                0x00000000080003bc        0x4 LONG 0x10000000 ADDR (.data_CCMRAM)
                0x00000000080003c0        0x4 LONG 0x10000000 (ADDR (.data_CCMRAM) + SIZEOF (.data_CCMRAM))
                0x00000000080003c4                __data_regions_array_end = .
                0x00000000080003c4                __bss_regions_array_start = .
                0x00000000080003c4        0x4 LONG 0x20000078 ADDR (.bss)
                0x00000000080003c8        0x4 LONG 0x2000012c (ADDR (.bss) + SIZEOF (.bss))
                0x00000000080003cc        0x4 LONG 0x10000000 ADDR (.bss_CCMRAM)
                0x00000000080003d0        0x4 LONG 0x10000000 (ADDR (.bss_CCMRAM) + SIZEOF (.bss_CCMRAM))
                0x00000000080003d4                __bss_regions_array_end = .
 *(.init)
 *(.fini)
                0x00000000080003d4                . = ALIGN (0x4)
                0x00000000080003d4                PROVIDE (__preinit_array_start, .)
 *(.preinit_array_sysinit .preinit_array_sysinit.*)
 *(.preinit_array_platform .preinit_array_platform.*)
 *(.preinit_array .preinit_array.*)
                0x00000000080003d4                PROVIDE (__preinit_array_end, .)
                0x00000000080003d4                . = ALIGN (0x4)
                0x00000000080003d4                PROVIDE (__init_array_start, .)
 *(SORT(.init_array.*))
 *(.init_array)
                0x00000000080003d4                PROVIDE (__init_array_end, .)
                0x00000000080003d4                . = ALIGN (0x4)
                0x00000000080003d4                PROVIDE (__fini_array_start, .)
 *(SORT(.fini_array.*))
 *(.fini_array)
                0x00000000080003d4                PROVIDE (__fini_array_end, .)

.flashtext
 *(.flashtext .flashtext.*)

.text           0x00000000080003d4     0x16b1
 *(.text .text.*)
 .text.HAL_MspInit
                0x00000000080003d4        0x4 ./system/src/stm32f4xx/stm32f4xx_hal.o
                0x00000000080003d4                HAL_MspInit
 .text.HAL_InitTick
                0x00000000080003d8       0x2c ./system/src/stm32f4xx/stm32f4xx_hal.o
                0x00000000080003d8                HAL_InitTick
 .text.HAL_Init
                0x0000000008000404       0x34 ./system/src/stm32f4xx/stm32f4xx_hal.o
                0x0000000008000404                HAL_Init
 .text.HAL_IncTick
                0x0000000008000438       0x10 ./system/src/stm32f4xx/stm32f4xx_hal.o
                0x0000000008000438                HAL_IncTick
 .text.HAL_GetTick
                0x0000000008000448        0xc ./system/src/stm32f4xx/stm32f4xx_hal.o
                0x0000000008000448                HAL_GetTick
 .text.HAL_Delay
                0x0000000008000454       0x1c ./system/src/stm32f4xx/stm32f4xx_hal.o
                0x0000000008000454                HAL_Delay
 .text.HAL_NVIC_SetPriorityGrouping
                0x0000000008000470       0x24 ./system/src/stm32f4xx/stm32f4xx_hal_cortex.o
                0x0000000008000470                HAL_NVIC_SetPriorityGrouping
 .text.HAL_NVIC_SetPriority
                0x0000000008000494       0x64 ./system/src/stm32f4xx/stm32f4xx_hal_cortex.o
                0x0000000008000494                HAL_NVIC_SetPriority
 .text.HAL_SYSTICK_Config
                0x00000000080004f8       0x2c ./system/src/stm32f4xx/stm32f4xx_hal_cortex.o
                0x00000000080004f8                HAL_SYSTICK_Config
 .text.HAL_GPIO_Init
                0x0000000008000524      0x1b0 ./system/src/stm32f4xx/stm32f4xx_hal_gpio.o
                0x0000000008000524                HAL_GPIO_Init
 .text.HAL_GPIO_TogglePin
                0x00000000080006d4        0x8 ./system/src/stm32f4xx/stm32f4xx_hal_gpio.o
                0x00000000080006d4                HAL_GPIO_TogglePin
 .text.HAL_RCC_OscConfig
                0x00000000080006dc      0x3d4 ./system/src/stm32f4xx/stm32f4xx_hal_rcc.o
                0x00000000080006dc                HAL_RCC_OscConfig
 .text.HAL_RCC_GetSysClockFreq
                0x0000000008000ab0       0x98 ./system/src/stm32f4xx/stm32f4xx_hal_rcc.o
                0x0000000008000ab0                HAL_RCC_GetSysClockFreq
 .text.HAL_RCC_ClockConfig
                0x0000000008000b48      0x1b4 ./system/src/stm32f4xx/stm32f4xx_hal_rcc.o
                0x0000000008000b48                HAL_RCC_ClockConfig
 .text._exit    0x0000000008000cfc        0x4 ./system/src/newlib/_exit.o
                0x0000000008000cfc                _exit
 .text._sbrk    0x0000000008000d00       0x44 ./system/src/newlib/_sbrk.o
                0x0000000008000d00                _sbrk
 .text.__initialize_args
                0x0000000008000d44       0x10 ./system/src/newlib/_syscalls.o
                0x0000000008000d44                __initialize_args
 .text.trace_printf
                0x0000000008000d54       0x34 ./system/src/diag/Trace.o
                0x0000000008000d54                trace_printf
 .text.trace_write
                0x0000000008000d88        0x8 ./system/src/diag/trace_impl.o
                0x0000000008000d88                trace_write
 .text.__initialize_hardware_early
                0x0000000008000d90        0x8 ./system/src/cortexm/_initialize_hardware.o
                0x0000000008000d90                __initialize_hardware_early
 .text.__initialize_hardware
                0x0000000008000d98        0x8 ./system/src/cortexm/_initialize_hardware.o
                0x0000000008000d98                __initialize_hardware
 .text.dumpExceptionStack
                0x0000000008000da0       0xf0 ./system/src/cortexm/exception_handlers.o
                0x0000000008000da0                dumpExceptionStack
 .text.Default_Handler
                0x0000000008000e90        0x2 ./system/src/cmsis/startup_stm32f401xe.o
                0x0000000008000e90                RTC_Alarm_IRQHandler
                0x0000000008000e90                EXTI2_IRQHandler
                0x0000000008000e90                SPI4_IRQHandler
                0x0000000008000e90                TIM1_CC_IRQHandler
                0x0000000008000e90                DMA2_Stream5_IRQHandler
                0x0000000008000e90                DMA1_Stream5_IRQHandler
                0x0000000008000e90                PVD_IRQHandler
                0x0000000008000e90                SDIO_IRQHandler
                0x0000000008000e90                TAMP_STAMP_IRQHandler
                0x0000000008000e90                EXTI3_IRQHandler
                0x0000000008000e90                TIM1_UP_TIM10_IRQHandler
                0x0000000008000e90                I2C3_ER_IRQHandler
                0x0000000008000e90                EXTI0_IRQHandler
                0x0000000008000e90                I2C2_EV_IRQHandler
                0x0000000008000e90                DMA1_Stream2_IRQHandler
                0x0000000008000e90                FPU_IRQHandler
                0x0000000008000e90                DMA2_Stream2_IRQHandler
                0x0000000008000e90                SPI1_IRQHandler
                0x0000000008000e90                TIM1_BRK_TIM9_IRQHandler
                0x0000000008000e90                DMA2_Stream3_IRQHandler
                0x0000000008000e90                USART6_IRQHandler
                0x0000000008000e90                DMA2_Stream0_IRQHandler
                0x0000000008000e90                TIM4_IRQHandler
                0x0000000008000e90                I2C1_EV_IRQHandler
                0x0000000008000e90                DMA1_Stream6_IRQHandler
                0x0000000008000e90                DMA1_Stream1_IRQHandler
                0x0000000008000e90                TIM3_IRQHandler
                0x0000000008000e90                RCC_IRQHandler
                0x0000000008000e90                Default_Handler
                0x0000000008000e90                EXTI15_10_IRQHandler
                0x0000000008000e90                ADC_IRQHandler
                0x0000000008000e90                DMA1_Stream7_IRQHandler
                0x0000000008000e90                TIM5_IRQHandler
                0x0000000008000e90                DMA2_Stream7_IRQHandler
                0x0000000008000e90                I2C3_EV_IRQHandler
                0x0000000008000e90                EXTI9_5_IRQHandler
                0x0000000008000e90                RTC_WKUP_IRQHandler
                0x0000000008000e90                SPI2_IRQHandler
                0x0000000008000e90                DMA1_Stream0_IRQHandler
                0x0000000008000e90                EXTI4_IRQHandler
                0x0000000008000e90                WWDG_IRQHandler
                0x0000000008000e90                TIM2_IRQHandler
                0x0000000008000e90                OTG_FS_WKUP_IRQHandler
                0x0000000008000e90                TIM1_TRG_COM_TIM11_IRQHandler
                0x0000000008000e90                EXTI1_IRQHandler
                0x0000000008000e90                USART2_IRQHandler
                0x0000000008000e90                I2C2_ER_IRQHandler
                0x0000000008000e90                DMA2_Stream1_IRQHandler
                0x0000000008000e90                FLASH_IRQHandler
                0x0000000008000e90                DMA2_Stream4_IRQHandler
                0x0000000008000e90                USART1_IRQHandler
                0x0000000008000e90                OTG_FS_IRQHandler
                0x0000000008000e90                SPI3_IRQHandler
                0x0000000008000e90                DMA1_Stream4_IRQHandler
                0x0000000008000e90                I2C1_ER_IRQHandler
                0x0000000008000e90                DMA2_Stream6_IRQHandler
                0x0000000008000e90                DMA1_Stream3_IRQHandler
 *fill*         0x0000000008000e92        0x2 
 .text.SystemInit
                0x0000000008000e94       0x40 ./system/src/cmsis/system_stm32f4xx.o
                0x0000000008000e94                SystemInit
 .text.SystemCoreClockUpdate
                0x0000000008000ed4       0xa0 ./system/src/cmsis/system_stm32f4xx.o
                0x0000000008000ed4                SystemCoreClockUpdate
 .text.Error_Handler
                0x0000000008000f74        0x4 ./src/main.o
 .text.SystemClock_Config
                0x0000000008000f78       0x90 ./src/main.o
 .text.main     0x0000000008001008       0x58 ./src/main.o
                0x0000000008001008                main
 .text.NMI_Handler
                0x0000000008001060        0x4 ./src/stm32f4xx_it.o
                0x0000000008001060                NMI_Handler
 .text.HardFault_Handler
                0x0000000008001064        0x4 ./src/stm32f4xx_it.o
                0x0000000008001064                HardFault_Handler
 .text.MemManage_Handler
                0x0000000008001068        0x4 ./src/stm32f4xx_it.o
                0x0000000008001068                MemManage_Handler
 .text.BusFault_Handler
                0x000000000800106c        0x4 ./src/stm32f4xx_it.o
                0x000000000800106c                BusFault_Handler
 .text.UsageFault_Handler
                0x0000000008001070        0x4 ./src/stm32f4xx_it.o
                0x0000000008001070                UsageFault_Handler
 .text.SVC_Handler
                0x0000000008001074        0x4 ./src/stm32f4xx_it.o
                0x0000000008001074                SVC_Handler
 .text.DebugMon_Handler
                0x0000000008001078        0x4 ./src/stm32f4xx_it.o
                0x0000000008001078                DebugMon_Handler
 .text.PendSV_Handler
                0x000000000800107c        0x4 ./src/stm32f4xx_it.o
                0x000000000800107c                PendSV_Handler
 .text.SysTick_Handler
                0x0000000008001080        0x8 ./src/stm32f4xx_it.o
                0x0000000008001080                SysTick_Handler
 .text.__errno  0x0000000008001088        0xc /usr/bin/../lib/gcc/arm-none-eabi/4.9.3/../../../../arm-none-eabi/lib/armv7e-m/libg_nano.a(lib_a-errno.o)
                0x0000000008001088                __errno
 .text.memcpy   0x0000000008001094       0x16 /usr/bin/../lib/gcc/arm-none-eabi/4.9.3/../../../../arm-none-eabi/lib/armv7e-m/libg_nano.a(lib_a-memcpy.o)
                0x0000000008001094                memcpy
 .text._vsnprintf_r
                0x00000000080010aa       0x52 /usr/bin/../lib/gcc/arm-none-eabi/4.9.3/../../../../arm-none-eabi/lib/armv7e-m/libg_nano.a(lib_a-vsnprintf.o)
                0x00000000080010aa                _vsnprintf_r
                0x00000000080010aa                _vsniprintf_r
 .text.vsnprintf
                0x00000000080010fc       0x20 /usr/bin/../lib/gcc/arm-none-eabi/4.9.3/../../../../arm-none-eabi/lib/armv7e-m/libg_nano.a(lib_a-vsnprintf.o)
                0x00000000080010fc                vsnprintf
                0x00000000080010fc                vsniprintf
 .text.__ssputs_r
                0x000000000800111c       0xb2 /usr/bin/../lib/gcc/arm-none-eabi/4.9.3/../../../../arm-none-eabi/lib/armv7e-m/libg_nano.a(lib_a-nano-svfprintf.o)
                0x000000000800111c                __ssputs_r
 *fill*         0x00000000080011ce        0x2 
 .text._svfprintf_r
                0x00000000080011d0      0x1e4 /usr/bin/../lib/gcc/arm-none-eabi/4.9.3/../../../../arm-none-eabi/lib/armv7e-m/libg_nano.a(lib_a-nano-svfprintf.o)
                0x00000000080011d0                _svfprintf_r
                0x00000000080011d0                _svfiprintf_r
 .text._printf_common
                0x00000000080013b4       0xea /usr/bin/../lib/gcc/arm-none-eabi/4.9.3/../../../../arm-none-eabi/lib/armv7e-m/libg_nano.a(lib_a-nano-vfprintf_i.o)
                0x00000000080013b4                _printf_common
 *fill*         0x000000000800149e        0x2 
 .text._printf_i
                0x00000000080014a0      0x240 /usr/bin/../lib/gcc/arm-none-eabi/4.9.3/../../../../arm-none-eabi/lib/armv7e-m/libg_nano.a(lib_a-nano-vfprintf_i.o)
                0x00000000080014a0                _printf_i
 .text.memchr   0x00000000080016e0       0x1e /usr/bin/../lib/gcc/arm-none-eabi/4.9.3/../../../../arm-none-eabi/lib/armv7e-m/libg_nano.a(lib_a-memchr.o)
                0x00000000080016e0                memchr
 .text.memmove  0x00000000080016fe       0x36 /usr/bin/../lib/gcc/arm-none-eabi/4.9.3/../../../../arm-none-eabi/lib/armv7e-m/libg_nano.a(lib_a-memmove.o)
                0x00000000080016fe                memmove
 .text._free_r  0x0000000008001734       0x88 /usr/bin/../lib/gcc/arm-none-eabi/4.9.3/../../../../arm-none-eabi/lib/armv7e-m/libg_nano.a(lib_a-nano-freer.o)
                0x0000000008001734                _free_r
 .text._malloc_r
                0x00000000080017bc       0xac /usr/bin/../lib/gcc/arm-none-eabi/4.9.3/../../../../arm-none-eabi/lib/armv7e-m/libg_nano.a(lib_a-nano-mallocr.o)
                0x00000000080017bc                _malloc_r
 .text._realloc_r
                0x0000000008001868       0x4c /usr/bin/../lib/gcc/arm-none-eabi/4.9.3/../../../../arm-none-eabi/lib/armv7e-m/libg_nano.a(lib_a-nano-reallocr.o)
                0x0000000008001868                _realloc_r
 .text._sbrk_r  0x00000000080018b4       0x20 /usr/bin/../lib/gcc/arm-none-eabi/4.9.3/../../../../arm-none-eabi/lib/armv7e-m/libg_nano.a(lib_a-sbrkr.o)
                0x00000000080018b4                _sbrk_r
 .text._malloc_usable_size_r
                0x00000000080018d4       0x14 /usr/bin/../lib/gcc/arm-none-eabi/4.9.3/../../../../arm-none-eabi/lib/armv7e-m/libg_nano.a(lib_a-nano-msizer.o)
                0x00000000080018d4                _malloc_usable_size_r
 *(.rodata .rodata.* .constdata .constdata.*)
 .rodata.APBAHBPrescTable
                0x00000000080018e8       0x10 ./system/src/stm32f4xx/stm32f4xx_hal_rcc.o
                0x00000000080018e8                APBAHBPrescTable
 .rodata.str1.4
                0x00000000080018f8      0x148 ./system/src/cortexm/exception_handlers.o
                                        0x146 (size before relaxing)
 .rodata.AHBPrescTable
                0x0000000008001a40       0x10 ./system/src/cmsis/system_stm32f4xx.o
                0x0000000008001a40                AHBPrescTable
 .rodata.str1.1
                0x0000000008001a50        0x2 /usr/bin/../lib/gcc/arm-none-eabi/4.9.3/../../../../arm-none-eabi/lib/armv7e-m/libg_nano.a(lib_a-impure.o)
 .rodata.str1.1
                0x0000000008001a52       0x11 /usr/bin/../lib/gcc/arm-none-eabi/4.9.3/../../../../arm-none-eabi/lib/armv7e-m/libg_nano.a(lib_a-nano-svfprintf.o)
 .rodata.str1.1
                0x0000000008001a63       0x22 /usr/bin/../lib/gcc/arm-none-eabi/4.9.3/../../../../arm-none-eabi/lib/armv7e-m/libg_nano.a(lib_a-nano-vfprintf_i.o)
 *(vtable)
 *(.eh_frame*)
 *(.glue_7)
 .glue_7        0x0000000000000000        0x0 linker stubs
 *(.glue_7t)
 .glue_7t       0x0000000000000000        0x0 linker stubs

.vfp11_veneer   0x0000000008001a88        0x0
 .vfp11_veneer  0x0000000000000000        0x0 linker stubs

.v4_bx          0x0000000008001a88        0x0
 .v4_bx         0x0000000000000000        0x0 linker stubs

.iplt           0x0000000008001a88        0x0
 .iplt          0x0000000000000000        0x0 ./system/src/stm32f4xx/stm32f4xx_hal.o

.rel.dyn        0x0000000008001a88        0x0
 .rel.iplt      0x0000000000000000        0x0 ./system/src/stm32f4xx/stm32f4xx_hal.o

.ARM.extab
 *(.ARM.extab* .gnu.linkonce.armextab.*)
                0x0000000008001a88                . = ALIGN (0x4)
                0x0000000008001a88                __exidx_start = .

.ARM.exidx
 *(.ARM.exidx* .gnu.linkonce.armexidx.*)
                0x0000000008001a88                __exidx_end = .
                0x0000000008001a88                . = ALIGN (0x4)
                0x0000000008001a88                _etext = .
                0x0000000008001a88                __etext = .

.data_CCMRAM    0x0000000010000000        0x0 load address 0x0000000008001a88
 FILL mask 0xff
 *(.data.CCMRAM .data.CCMRAM.*)
                0x0000000010000000                . = ALIGN (0x4)
                0x0000000008001a88                _sidata = LOADADDR (.data)

.data           0x0000000020000000       0x78 load address 0x0000000008001a88
 FILL mask 0xff
                0x0000000020000000                _sdata = .
                0x0000000020000000                __data_start__ = .
 *(.data_begin .data_begin.*)
 .data_begin    0x0000000020000000        0x4 ./system/src/newlib/_startup.o
 *(.data .data.*)
 .data.argv.4160
                0x0000000020000004        0x8 ./system/src/newlib/_syscalls.o
 .data.SystemCoreClock
                0x000000002000000c        0x4 ./system/src/cmsis/system_stm32f4xx.o
                0x000000002000000c                SystemCoreClock
 .data.impure_data
                0x0000000020000010       0x60 /usr/bin/../lib/gcc/arm-none-eabi/4.9.3/../../../../arm-none-eabi/lib/armv7e-m/libg_nano.a(lib_a-impure.o)
 .data._impure_ptr
                0x0000000020000070        0x4 /usr/bin/../lib/gcc/arm-none-eabi/4.9.3/../../../../arm-none-eabi/lib/armv7e-m/libg_nano.a(lib_a-impure.o)
                0x0000000020000070                _impure_ptr
 *(.data_end .data_end.*)
 .data_end      0x0000000020000074        0x4 ./system/src/newlib/_startup.o
                0x0000000020000078                . = ALIGN (0x4)
                0x0000000020000078                _edata = .
                0x0000000020000078                __data_end__ = .

.igot.plt       0x0000000020000078        0x0 load address 0x0000000008001b00
 .igot.plt      0x0000000000000000        0x0 ./system/src/stm32f4xx/stm32f4xx_hal.o

.bss_CCMRAM     0x0000000010000000        0x0
 *(.bss.CCMRAM .bss.CCMRAM.*)

.bss            0x0000000020000078       0xb4
                0x0000000020000078                __bss_start__ = .
                0x0000000020000078                _sbss = .
 *(.bss_begin .bss_begin.*)
 .bss_begin     0x0000000020000078        0x4 ./system/src/newlib/_startup.o
 *(.bss .bss.*)
 .bss.current_heap_end.3862
                0x000000002000007c        0x4 ./system/src/newlib/_sbrk.o
 .bss.name.4159
                0x0000000020000080        0x1 ./system/src/newlib/_syscalls.o
 *fill*         0x0000000020000081        0x3 
 .bss.buf.4998  0x0000000020000084       0x80 ./system/src/diag/Trace.o
 .bss.GPIO_InitStruct
                0x0000000020000104       0x14 ./src/main.o
 .bss.__malloc_sbrk_start
                0x0000000020000118        0x4 /usr/bin/../lib/gcc/arm-none-eabi/4.9.3/../../../../arm-none-eabi/lib/armv7e-m/libg_nano.a(lib_a-nano-mallocr.o)
                0x0000000020000118                __malloc_sbrk_start
 .bss.__malloc_free_list
                0x000000002000011c        0x4 /usr/bin/../lib/gcc/arm-none-eabi/4.9.3/../../../../arm-none-eabi/lib/armv7e-m/libg_nano.a(lib_a-nano-mallocr.o)
                0x000000002000011c                __malloc_free_list
 *(COMMON)
 COMMON         0x0000000020000120        0x4 ./system/src/stm32f4xx/stm32f4xx_hal.o
                0x0000000020000120                uwTick
 COMMON         0x0000000020000124        0x4 ./system/src/newlib/_syscalls.o
                0x0000000020000124                errno
 *(.bss_end .bss_end.*)
 .bss_end       0x0000000020000128        0x4 ./system/src/newlib/_startup.o
                0x000000002000012c                . = ALIGN (0x4)
                0x000000002000012c                __bss_end__ = .
                0x000000002000012c                _ebss = .

.noinit_CCMRAM
 *(.noinit.CCMRAM .noinit.CCMRAM.*)

.noinit         0x000000002000012c        0x0
                0x000000002000012c                _noinit = .
 *(.noinit .noinit.*)
                0x000000002000012c                . = ALIGN (0x4)
                0x000000002000012c                _end_noinit = .
                0x000000002000012c                PROVIDE (end, _end_noinit)
                0x000000002000012c                PROVIDE (_end, _end_noinit)
                0x000000002000012c                PROVIDE (__end, _end_noinit)
                0x000000002000012c                PROVIDE (__end__, _end_noinit)

._check_stack   0x000000002000012c      0x100
                0x000000002000022c                . = (. + _Minimum_Stack_Size)
 *fill*         0x000000002000012c      0x100 

.b1text
 *(.b1text)
 *(.b1rodata)
 *(.b1rodata.*)

.eb0text
 *(.eb0text)
 *(.eb0rodata)
 *(.eb0rodata.*)

.eb1text
 *(.eb1text)
 *(.eb1rodata)
 *(.eb1rodata.*)

.eb2text
 *(.eb2text)
 *(.eb2rodata)
 *(.eb2rodata.*)

.eb3text
 *(.eb3text)
 *(.eb3rodata)
 *(.eb3rodata.*)

.stab
 *(.stab)

.stabstr
 *(.stabstr)

.stab.excl
 *(.stab.excl)

.stab.exclstr
 *(.stab.exclstr)

.stab.index
 *(.stab.index)

.stab.indexstr
 *(.stab.indexstr)

.comment        0x0000000000000000       0x70
 *(.comment)
 .comment       0x0000000000000000       0x70 ./system/src/stm32f4xx/stm32f4xx_hal.o
                                         0x71 (size before relaxing)
 .comment       0x0000000000000000       0x71 ./system/src/stm32f4xx/stm32f4xx_hal_cortex.o
 .comment       0x0000000000000000       0x71 ./system/src/stm32f4xx/stm32f4xx_hal_gpio.o
 .comment       0x0000000000000000       0x71 ./system/src/stm32f4xx/stm32f4xx_hal_rcc.o
 .comment       0x0000000000000000       0x71 ./system/src/newlib/_exit.o
 .comment       0x0000000000000000       0x71 ./system/src/newlib/_sbrk.o
 .comment       0x0000000000000000       0x71 ./system/src/newlib/_startup.o
 .comment       0x0000000000000000       0x71 ./system/src/newlib/_syscalls.o
 .comment       0x0000000000000000       0x71 ./system/src/diag/Trace.o
 .comment       0x0000000000000000       0x71 ./system/src/diag/trace_impl.o
 .comment       0x0000000000000000       0x71 ./system/src/cortexm/_initialize_hardware.o
 .comment       0x0000000000000000       0x71 ./system/src/cortexm/exception_handlers.o
 .comment       0x0000000000000000       0x71 ./system/src/cmsis/system_stm32f4xx.o
 .comment       0x0000000000000000       0x71 ./src/main.o
 .comment       0x0000000000000000       0x71 ./src/stm32f4xx_it.o

.ARM.attributes
                0x0000000000000000       0x31
 .ARM.attributes
                0x0000000000000000       0x33 ./system/src/stm32f4xx/stm32f4xx_hal.o
 .ARM.attributes
                0x0000000000000033       0x33 ./system/src/stm32f4xx/stm32f4xx_hal_cortex.o
 .ARM.attributes
                0x0000000000000066       0x33 ./system/src/stm32f4xx/stm32f4xx_hal_gpio.o
 .ARM.attributes
                0x0000000000000099       0x33 ./system/src/stm32f4xx/stm32f4xx_hal_rcc.o
 .ARM.attributes
                0x00000000000000cc       0x33 ./system/src/newlib/_exit.o
 .ARM.attributes
                0x00000000000000ff       0x33 ./system/src/newlib/_sbrk.o
 .ARM.attributes
                0x0000000000000132       0x33 ./system/src/newlib/_startup.o
 .ARM.attributes
                0x0000000000000165       0x33 ./system/src/newlib/_syscalls.o
 .ARM.attributes
                0x0000000000000198       0x33 ./system/src/diag/Trace.o
 .ARM.attributes
                0x00000000000001cb       0x33 ./system/src/diag/trace_impl.o
 .ARM.attributes
                0x00000000000001fe       0x33 ./system/src/cortexm/_initialize_hardware.o
 .ARM.attributes
                0x0000000000000231       0x33 ./system/src/cortexm/exception_handlers.o
 .ARM.attributes
                0x0000000000000264       0x21 ./system/src/cmsis/startup_stm32f401xe.o
 .ARM.attributes
                0x0000000000000285       0x33 ./system/src/cmsis/system_stm32f4xx.o
 .ARM.attributes
                0x00000000000002b8       0x33 ./src/main.o
 .ARM.attributes
                0x00000000000002eb       0x33 ./src/stm32f4xx_it.o
 .ARM.attributes
                0x000000000000031e       0x2e /usr/bin/../lib/gcc/arm-none-eabi/4.9.3/../../../../arm-none-eabi/lib/armv7e-m/libg_nano.a(lib_a-errno.o)
 .ARM.attributes
                0x000000000000034c       0x2e /usr/bin/../lib/gcc/arm-none-eabi/4.9.3/../../../../arm-none-eabi/lib/armv7e-m/libg_nano.a(lib_a-impure.o)
 .ARM.attributes
                0x000000000000037a       0x2e /usr/bin/../lib/gcc/arm-none-eabi/4.9.3/../../../../arm-none-eabi/lib/armv7e-m/libg_nano.a(lib_a-memcpy.o)
 .ARM.attributes
                0x00000000000003a8       0x2e /usr/bin/../lib/gcc/arm-none-eabi/4.9.3/../../../../arm-none-eabi/lib/armv7e-m/libg_nano.a(lib_a-vsnprintf.o)
 .ARM.attributes
                0x00000000000003d6       0x2e /usr/bin/../lib/gcc/arm-none-eabi/4.9.3/../../../../arm-none-eabi/lib/armv7e-m/libg_nano.a(lib_a-nano-svfprintf.o)
 .ARM.attributes
                0x0000000000000404       0x2e /usr/bin/../lib/gcc/arm-none-eabi/4.9.3/../../../../arm-none-eabi/lib/armv7e-m/libg_nano.a(lib_a-nano-vfprintf_i.o)
 .ARM.attributes
                0x0000000000000432       0x2e /usr/bin/../lib/gcc/arm-none-eabi/4.9.3/../../../../arm-none-eabi/lib/armv7e-m/libg_nano.a(lib_a-memchr.o)
 .ARM.attributes
                0x0000000000000460       0x2e /usr/bin/../lib/gcc/arm-none-eabi/4.9.3/../../../../arm-none-eabi/lib/armv7e-m/libg_nano.a(lib_a-memmove.o)
 .ARM.attributes
                0x000000000000048e       0x2e /usr/bin/../lib/gcc/arm-none-eabi/4.9.3/../../../../arm-none-eabi/lib/armv7e-m/libg_nano.a(lib_a-nano-freer.o)
 .ARM.attributes
                0x00000000000004bc       0x2e /usr/bin/../lib/gcc/arm-none-eabi/4.9.3/../../../../arm-none-eabi/lib/armv7e-m/libg_nano.a(lib_a-nano-mallocr.o)
 .ARM.attributes
                0x00000000000004ea       0x2e /usr/bin/../lib/gcc/arm-none-eabi/4.9.3/../../../../arm-none-eabi/lib/armv7e-m/libg_nano.a(lib_a-nano-reallocr.o)
 .ARM.attributes
                0x0000000000000518       0x2e /usr/bin/../lib/gcc/arm-none-eabi/4.9.3/../../../../arm-none-eabi/lib/armv7e-m/libg_nano.a(lib_a-sbrkr.o)
 .ARM.attributes
                0x0000000000000546       0x2e /usr/bin/../lib/gcc/arm-none-eabi/4.9.3/../../../../arm-none-eabi/lib/armv7e-m/libg_nano.a(lib_a-nano-msizer.o)

.debug
 *(.debug)

.line
 *(.line)

.debug_srcinfo
 *(.debug_srcinfo)

.debug_sfnames
 *(.debug_sfnames)

.debug_aranges  0x0000000000000000      0x4e0
 *(.debug_aranges)
 .debug_aranges
                0x0000000000000000       0xc0 ./system/src/stm32f4xx/stm32f4xx_hal.o
 .debug_aranges
                0x00000000000000c0       0x98 ./system/src/stm32f4xx/stm32f4xx_hal_cortex.o
 .debug_aranges
                0x0000000000000158       0x58 ./system/src/stm32f4xx/stm32f4xx_hal_gpio.o
 .debug_aranges
                0x00000000000001b0       0x88 ./system/src/stm32f4xx/stm32f4xx_hal_rcc.o
 .debug_aranges
                0x0000000000000238       0x28 ./system/src/newlib/_exit.o
 .debug_aranges
                0x0000000000000260       0x20 ./system/src/newlib/_sbrk.o
 .debug_aranges
                0x0000000000000280       0x40 ./system/src/newlib/_startup.o
 .debug_aranges
                0x00000000000002c0       0x30 ./system/src/newlib/_syscalls.o
 .debug_aranges
                0x00000000000002f0       0x38 ./system/src/diag/Trace.o
 .debug_aranges
                0x0000000000000328       0x28 ./system/src/diag/trace_impl.o
 .debug_aranges
                0x0000000000000350       0x28 ./system/src/cortexm/_initialize_hardware.o
 .debug_aranges
                0x0000000000000378       0x88 ./system/src/cortexm/exception_handlers.o
 .debug_aranges
                0x0000000000000400       0x28 ./system/src/cmsis/startup_stm32f401xe.o
 .debug_aranges
                0x0000000000000428       0x28 ./system/src/cmsis/system_stm32f4xx.o
 .debug_aranges
                0x0000000000000450       0x30 ./src/main.o
 .debug_aranges
                0x0000000000000480       0x60 ./src/stm32f4xx_it.o

.debug_pubnames
 *(.debug_pubnames)

.debug_info     0x0000000000000000     0x50ce
 *(.debug_info .gnu.linkonce.wi.*)
 .debug_info    0x0000000000000000      0x934 ./system/src/stm32f4xx/stm32f4xx_hal.o
 .debug_info    0x0000000000000934      0xdc6 ./system/src/stm32f4xx/stm32f4xx_hal_cortex.o
 .debug_info    0x00000000000016fa      0x71b ./system/src/stm32f4xx/stm32f4xx_hal_gpio.o
 .debug_info    0x0000000000001e15     0x101c ./system/src/stm32f4xx/stm32f4xx_hal_rcc.o
 .debug_info    0x0000000000002e31      0x100 ./system/src/newlib/_exit.o
 .debug_info    0x0000000000002f31      0x125 ./system/src/newlib/_sbrk.o
 .debug_info    0x0000000000003056      0x474 ./system/src/newlib/_startup.o
 .debug_info    0x00000000000034ca      0x1a9 ./system/src/newlib/_syscalls.o
 .debug_info    0x0000000000003673      0x32b ./system/src/diag/Trace.o
 .debug_info    0x000000000000399e      0x114 ./system/src/diag/trace_impl.o
 .debug_info    0x0000000000003ab2       0xdf ./system/src/cortexm/_initialize_hardware.o
 .debug_info    0x0000000000003b91      0x7bb ./system/src/cortexm/exception_handlers.o
 .debug_info    0x000000000000434c       0x76 ./system/src/cmsis/startup_stm32f401xe.o
 .debug_info    0x00000000000043c2      0x4d1 ./system/src/cmsis/system_stm32f4xx.o
 .debug_info    0x0000000000004893      0x6ec ./src/main.o
 .debug_info    0x0000000000004f7f      0x14f ./src/stm32f4xx_it.o

.debug_abbrev   0x0000000000000000     0x1680
 *(.debug_abbrev)
 .debug_abbrev  0x0000000000000000      0x2a0 ./system/src/stm32f4xx/stm32f4xx_hal.o
 .debug_abbrev  0x00000000000002a0      0x2cf ./system/src/stm32f4xx/stm32f4xx_hal_cortex.o
 .debug_abbrev  0x000000000000056f      0x1cb ./system/src/stm32f4xx/stm32f4xx_hal_gpio.o
 .debug_abbrev  0x000000000000073a      0x30b ./system/src/stm32f4xx/stm32f4xx_hal_rcc.o
 .debug_abbrev  0x0000000000000a45       0xa4 ./system/src/newlib/_exit.o
 .debug_abbrev  0x0000000000000ae9       0xbb ./system/src/newlib/_sbrk.o
 .debug_abbrev  0x0000000000000ba4      0x1e9 ./system/src/newlib/_startup.o
 .debug_abbrev  0x0000000000000d8d       0xe7 ./system/src/newlib/_syscalls.o
 .debug_abbrev  0x0000000000000e74      0x178 ./system/src/diag/Trace.o
 .debug_abbrev  0x0000000000000fec       0xb4 ./system/src/diag/trace_impl.o
 .debug_abbrev  0x00000000000010a0       0x88 ./system/src/cortexm/_initialize_hardware.o
 .debug_abbrev  0x0000000000001128      0x1d6 ./system/src/cortexm/exception_handlers.o
 .debug_abbrev  0x00000000000012fe       0x12 ./system/src/cmsis/startup_stm32f401xe.o
 .debug_abbrev  0x0000000000001310      0x104 ./system/src/cmsis/system_stm32f4xx.o
 .debug_abbrev  0x0000000000001414      0x1cc ./src/main.o
 .debug_abbrev  0x00000000000015e0       0xa0 ./src/stm32f4xx_it.o

.debug_line     0x0000000000000000     0x3884
 *(.debug_line)
 .debug_line    0x0000000000000000      0x610 ./system/src/stm32f4xx/stm32f4xx_hal.o
 .debug_line    0x0000000000000610      0x63f ./system/src/stm32f4xx/stm32f4xx_hal_cortex.o
 .debug_line    0x0000000000000c4f      0x5d5 ./system/src/stm32f4xx/stm32f4xx_hal_gpio.o
 .debug_line    0x0000000000001224      0x7e2 ./system/src/stm32f4xx/stm32f4xx_hal_rcc.o
 .debug_line    0x0000000000001a06      0x1fe ./system/src/newlib/_exit.o
 .debug_line    0x0000000000001c04      0x1ac ./system/src/newlib/_sbrk.o
 .debug_line    0x0000000000001db0      0x26a ./system/src/newlib/_startup.o
 .debug_line    0x000000000000201a      0x2a6 ./system/src/newlib/_syscalls.o
 .debug_line    0x00000000000022c0      0x259 ./system/src/diag/Trace.o
 .debug_line    0x0000000000002519      0x28f ./system/src/diag/trace_impl.o
 .debug_line    0x00000000000027a8      0x157 ./system/src/cortexm/_initialize_hardware.o
 .debug_line    0x00000000000028ff      0x38a ./system/src/cortexm/exception_handlers.o
 .debug_line    0x0000000000002c89       0x88 ./system/src/cmsis/startup_stm32f401xe.o
 .debug_line    0x0000000000002d11      0x158 ./system/src/cmsis/system_stm32f4xx.o
 .debug_line    0x0000000000002e69      0x4df ./src/main.o
 .debug_line    0x0000000000003348      0x53c ./src/stm32f4xx_it.o

.debug_frame    0x0000000000000000      0xc10
 *(.debug_frame)
 .debug_frame   0x0000000000000000      0x188 ./system/src/stm32f4xx/stm32f4xx_hal.o
 .debug_frame   0x0000000000000188      0x138 ./system/src/stm32f4xx/stm32f4xx_hal_cortex.o
 .debug_frame   0x00000000000002c0       0xc8 ./system/src/stm32f4xx/stm32f4xx_hal_gpio.o
 .debug_frame   0x0000000000000388      0x13c ./system/src/stm32f4xx/stm32f4xx_hal_rcc.o
 .debug_frame   0x00000000000004c4       0x38 ./system/src/newlib/_exit.o
 .debug_frame   0x00000000000004fc       0x28 ./system/src/newlib/_sbrk.o
 .debug_frame   0x0000000000000524       0x7c ./system/src/newlib/_startup.o
 .debug_frame   0x00000000000005a0       0x50 ./system/src/newlib/_syscalls.o
 .debug_frame   0x00000000000005f0       0x94 ./system/src/diag/Trace.o
 .debug_frame   0x0000000000000684       0x30 ./system/src/diag/trace_impl.o
 .debug_frame   0x00000000000006b4       0x40 ./system/src/cortexm/_initialize_hardware.o
 .debug_frame   0x00000000000006f4      0x144 ./system/src/cortexm/exception_handlers.o
 .debug_frame   0x0000000000000838       0x30 ./system/src/cmsis/system_stm32f4xx.o
 .debug_frame   0x0000000000000868       0x54 ./src/main.o
 .debug_frame   0x00000000000008bc       0xa8 ./src/stm32f4xx_it.o
 .debug_frame   0x0000000000000964       0x20 /usr/bin/../lib/gcc/arm-none-eabi/4.9.3/../../../../arm-none-eabi/lib/armv7e-m/libg_nano.a(lib_a-errno.o)
 .debug_frame   0x0000000000000984       0x28 /usr/bin/../lib/gcc/arm-none-eabi/4.9.3/../../../../arm-none-eabi/lib/armv7e-m/libg_nano.a(lib_a-memcpy.o)
 .debug_frame   0x00000000000009ac       0x50 /usr/bin/../lib/gcc/arm-none-eabi/4.9.3/../../../../arm-none-eabi/lib/armv7e-m/libg_nano.a(lib_a-vsnprintf.o)
 .debug_frame   0x00000000000009fc       0x8c /usr/bin/../lib/gcc/arm-none-eabi/4.9.3/../../../../arm-none-eabi/lib/armv7e-m/libg_nano.a(lib_a-nano-svfprintf.o)
 .debug_frame   0x0000000000000a88       0x58 /usr/bin/../lib/gcc/arm-none-eabi/4.9.3/../../../../arm-none-eabi/lib/armv7e-m/libg_nano.a(lib_a-nano-vfprintf_i.o)
 .debug_frame   0x0000000000000ae0       0x28 /usr/bin/../lib/gcc/arm-none-eabi/4.9.3/../../../../arm-none-eabi/lib/armv7e-m/libg_nano.a(lib_a-memchr.o)
 .debug_frame   0x0000000000000b08       0x28 /usr/bin/../lib/gcc/arm-none-eabi/4.9.3/../../../../arm-none-eabi/lib/armv7e-m/libg_nano.a(lib_a-memmove.o)
 .debug_frame   0x0000000000000b30       0x2c /usr/bin/../lib/gcc/arm-none-eabi/4.9.3/../../../../arm-none-eabi/lib/armv7e-m/libg_nano.a(lib_a-nano-freer.o)
 .debug_frame   0x0000000000000b5c       0x2c /usr/bin/../lib/gcc/arm-none-eabi/4.9.3/../../../../arm-none-eabi/lib/armv7e-m/libg_nano.a(lib_a-nano-mallocr.o)
 .debug_frame   0x0000000000000b88       0x3c /usr/bin/../lib/gcc/arm-none-eabi/4.9.3/../../../../arm-none-eabi/lib/armv7e-m/libg_nano.a(lib_a-nano-reallocr.o)
 .debug_frame   0x0000000000000bc4       0x2c /usr/bin/../lib/gcc/arm-none-eabi/4.9.3/../../../../arm-none-eabi/lib/armv7e-m/libg_nano.a(lib_a-sbrkr.o)
 .debug_frame   0x0000000000000bf0       0x20 /usr/bin/../lib/gcc/arm-none-eabi/4.9.3/../../../../arm-none-eabi/lib/armv7e-m/libg_nano.a(lib_a-nano-msizer.o)

.debug_str      0x0000000000000000    0x8495b
 *(.debug_str)
 .debug_str     0x0000000000000000    0x805e9 ./system/src/stm32f4xx/stm32f4xx_hal.o
                                      0x809d4 (size before relaxing)
 .debug_str     0x00000000000805e9      0x37d ./system/src/stm32f4xx/stm32f4xx_hal_cortex.o
                                      0x8073d (size before relaxing)
 .debug_str     0x0000000000080966      0x2e6 ./system/src/stm32f4xx/stm32f4xx_hal_gpio.o
                                      0x802d0 (size before relaxing)
 .debug_str     0x0000000000080c4c      0x391 ./system/src/stm32f4xx/stm32f4xx_hal_rcc.o
                                      0x8047c (size before relaxing)
 .debug_str     0x0000000000080fdd     0x1090 ./system/src/newlib/_exit.o
                                       0x5fb1 (size before relaxing)
 .debug_str     0x000000000008206d      0x4de ./system/src/newlib/_sbrk.o
                                       0x53c2 (size before relaxing)
 .debug_str     0x000000000008254b      0x266 ./system/src/newlib/_startup.o
                                       0x4f9a (size before relaxing)
 .debug_str     0x00000000000827b1     0x11b1 ./system/src/newlib/_syscalls.o
                                       0x65b5 (size before relaxing)
 .debug_str     0x0000000000083962      0x191 ./system/src/diag/Trace.o
                                       0x68d2 (size before relaxing)
 .debug_str     0x0000000000083af3       0x42 ./system/src/diag/trace_impl.o
                                      0x4db7e (size before relaxing)
 .debug_str     0x0000000000083b35       0x4e ./system/src/cortexm/_initialize_hardware.o
                                      0x4ae64 (size before relaxing)
 .debug_str     0x0000000000083b83      0x1e5 ./system/src/cortexm/exception_handlers.o
                                      0x4e9b9 (size before relaxing)
 .debug_str     0x0000000000083d68       0x73 ./system/src/cmsis/system_stm32f4xx.o
                                      0x4b02e (size before relaxing)
 .debug_str     0x0000000000083ddb      0xb58 ./src/main.o
                                      0x80d0a (size before relaxing)
 .debug_str     0x0000000000084933       0x28 ./src/stm32f4xx_it.o
                                      0x80a43 (size before relaxing)

.debug_loc      0x0000000000000000     0x1801
 *(.debug_loc)
 .debug_loc     0x0000000000000000       0xb6 ./system/src/stm32f4xx/stm32f4xx_hal.o
 .debug_loc     0x00000000000000b6      0x4cd ./system/src/stm32f4xx/stm32f4xx_hal_cortex.o
 .debug_loc     0x0000000000000583      0x383 ./system/src/stm32f4xx/stm32f4xx_hal_gpio.o
 .debug_loc     0x0000000000000906      0x7de ./system/src/stm32f4xx/stm32f4xx_hal_rcc.o
 .debug_loc     0x00000000000010e4       0x82 ./system/src/newlib/_sbrk.o
 .debug_loc     0x0000000000001166      0x265 ./system/src/newlib/_startup.o
 .debug_loc     0x00000000000013cb       0x63 ./system/src/newlib/_syscalls.o
 .debug_loc     0x000000000000142e       0xf7 ./system/src/diag/Trace.o
 .debug_loc     0x0000000000001525       0x21 ./system/src/diag/trace_impl.o
 .debug_loc     0x0000000000001546      0x184 ./system/src/cortexm/exception_handlers.o
 .debug_loc     0x00000000000016ca      0x137 ./system/src/cmsis/system_stm32f4xx.o

.debug_macinfo
 *(.debug_macinfo)

.debug_weaknames
 *(.debug_weaknames)

.debug_funcnames
 *(.debug_funcnames)

.debug_typenames
 *(.debug_typenames)

.debug_varnames
 *(.debug_varnames)
OUTPUT(HelloWorld.elf elf32-littlearm)

.debug_ranges   0x0000000000000000      0x400
 .debug_ranges  0x0000000000000000       0xb0 ./system/src/stm32f4xx/stm32f4xx_hal.o
 .debug_ranges  0x00000000000000b0       0x88 ./system/src/stm32f4xx/stm32f4xx_hal_cortex.o
 .debug_ranges  0x0000000000000138       0x48 ./system/src/stm32f4xx/stm32f4xx_hal_gpio.o
 .debug_ranges  0x0000000000000180       0x78 ./system/src/stm32f4xx/stm32f4xx_hal_rcc.o
 .debug_ranges  0x00000000000001f8       0x18 ./system/src/newlib/_exit.o
 .debug_ranges  0x0000000000000210       0x10 ./system/src/newlib/_sbrk.o
 .debug_ranges  0x0000000000000220       0x48 ./system/src/newlib/_startup.o
 .debug_ranges  0x0000000000000268       0x20 ./system/src/newlib/_syscalls.o
 .debug_ranges  0x0000000000000288       0x28 ./system/src/diag/Trace.o
 .debug_ranges  0x00000000000002b0       0x18 ./system/src/diag/trace_impl.o
 .debug_ranges  0x00000000000002c8       0x18 ./system/src/cortexm/_initialize_hardware.o
 .debug_ranges  0x00000000000002e0       0x78 ./system/src/cortexm/exception_handlers.o
 .debug_ranges  0x0000000000000358       0x20 ./system/src/cmsis/startup_stm32f401xe.o
 .debug_ranges  0x0000000000000378       0x18 ./system/src/cmsis/system_stm32f4xx.o
 .debug_ranges  0x0000000000000390       0x20 ./src/main.o
 .debug_ranges  0x00000000000003b0       0x50 ./src/stm32f4xx_it.o

.debug_macro    0x0000000000000000    0x15f88
 .debug_macro   0x0000000000000000      0x2c4 ./system/src/stm32f4xx/stm32f4xx_hal.o
 .debug_macro   0x00000000000002c4      0x880 ./system/src/stm32f4xx/stm32f4xx_hal.o
 .debug_macro   0x0000000000000b44      0x1b6 ./system/src/stm32f4xx/stm32f4xx_hal.o
 .debug_macro   0x0000000000000cfa       0x33 ./system/src/stm32f4xx/stm32f4xx_hal.o
 .debug_macro   0x0000000000000d2d       0x28 ./system/src/stm32f4xx/stm32f4xx_hal.o
 .debug_macro   0x0000000000000d55       0x3b ./system/src/stm32f4xx/stm32f4xx_hal.o
 .debug_macro   0x0000000000000d90      0x34e ./system/src/stm32f4xx/stm32f4xx_hal.o
 .debug_macro   0x00000000000010de       0x2d ./system/src/stm32f4xx/stm32f4xx_hal.o
 .debug_macro   0x000000000000110b       0x26 ./system/src/stm32f4xx/stm32f4xx_hal.o
 .debug_macro   0x0000000000001131      0xd39 ./system/src/stm32f4xx/stm32f4xx_hal.o
 .debug_macro   0x0000000000001e6a     0xb770 ./system/src/stm32f4xx/stm32f4xx_hal.o
 .debug_macro   0x000000000000d5da       0x43 ./system/src/stm32f4xx/stm32f4xx_hal.o
 .debug_macro   0x000000000000d61d     0x347f ./system/src/stm32f4xx/stm32f4xx_hal.o
 .debug_macro   0x0000000000010a9c       0x58 ./system/src/stm32f4xx/stm32f4xx_hal.o
 .debug_macro   0x0000000000010af4       0x22 ./system/src/stm32f4xx/stm32f4xx_hal.o
 .debug_macro   0x0000000000010b16       0x35 ./system/src/stm32f4xx/stm32f4xx_hal.o
 .debug_macro   0x0000000000010b4b       0x9c ./system/src/stm32f4xx/stm32f4xx_hal.o
 .debug_macro   0x0000000000010be7       0x16 ./system/src/stm32f4xx/stm32f4xx_hal.o
 .debug_macro   0x0000000000010bfd       0x4a ./system/src/stm32f4xx/stm32f4xx_hal.o
 .debug_macro   0x0000000000010c47       0x97 ./system/src/stm32f4xx/stm32f4xx_hal.o
 .debug_macro   0x0000000000010cde      0x27a ./system/src/stm32f4xx/stm32f4xx_hal.o
 .debug_macro   0x0000000000010f58       0xf6 ./system/src/stm32f4xx/stm32f4xx_hal.o
 .debug_macro   0x000000000001104e       0x10 ./system/src/stm32f4xx/stm32f4xx_hal.o
 .debug_macro   0x000000000001105e       0x52 ./system/src/stm32f4xx/stm32f4xx_hal.o
 .debug_macro   0x00000000000110b0       0x16 ./system/src/stm32f4xx/stm32f4xx_hal.o
 .debug_macro   0x00000000000110c6       0x43 ./system/src/stm32f4xx/stm32f4xx_hal.o
 .debug_macro   0x0000000000011109      0x180 ./system/src/stm32f4xx/stm32f4xx_hal.o
 .debug_macro   0x0000000000011289       0x10 ./system/src/stm32f4xx/stm32f4xx_hal.o
 .debug_macro   0x0000000000011299       0x22 ./system/src/stm32f4xx/stm32f4xx_hal.o
 .debug_macro   0x00000000000112bb       0x22 ./system/src/stm32f4xx/stm32f4xx_hal.o
 .debug_macro   0x00000000000112dd       0xbe ./system/src/stm32f4xx/stm32f4xx_hal.o
 .debug_macro   0x000000000001139b       0x16 ./system/src/stm32f4xx/stm32f4xx_hal.o
 .debug_macro   0x00000000000113b1      0x197 ./system/src/stm32f4xx/stm32f4xx_hal.o
 .debug_macro   0x0000000000011548       0x57 ./system/src/stm32f4xx/stm32f4xx_hal.o
 .debug_macro   0x000000000001159f      0x424 ./system/src/stm32f4xx/stm32f4xx_hal.o
 .debug_macro   0x00000000000119c3      0x9e1 ./system/src/stm32f4xx/stm32f4xx_hal.o
 .debug_macro   0x00000000000123a4      0x11e ./system/src/stm32f4xx/stm32f4xx_hal.o
 .debug_macro   0x00000000000124c2       0xf8 ./system/src/stm32f4xx/stm32f4xx_hal.o
 .debug_macro   0x00000000000125ba       0x27 ./system/src/stm32f4xx/stm32f4xx_hal.o
 .debug_macro   0x00000000000125e1      0x287 ./system/src/stm32f4xx/stm32f4xx_hal.o
 .debug_macro   0x0000000000012868       0x5f ./system/src/stm32f4xx/stm32f4xx_hal.o
 .debug_macro   0x00000000000128c7      0x23a ./system/src/stm32f4xx/stm32f4xx_hal.o
 .debug_macro   0x0000000000012b01      0x391 ./system/src/stm32f4xx/stm32f4xx_hal.o
 .debug_macro   0x0000000000012e92      0x16f ./system/src/stm32f4xx/stm32f4xx_hal.o
 .debug_macro   0x0000000000013001       0xf9 ./system/src/stm32f4xx/stm32f4xx_hal.o
 .debug_macro   0x00000000000130fa      0x13a ./system/src/stm32f4xx/stm32f4xx_hal.o
 .debug_macro   0x0000000000013234      0x264 ./system/src/stm32f4xx/stm32f4xx_hal.o
 .debug_macro   0x0000000000013498       0x2e ./system/src/stm32f4xx/stm32f4xx_hal.o
 .debug_macro   0x00000000000134c6      0x11e ./system/src/stm32f4xx/stm32f4xx_hal.o
 .debug_macro   0x00000000000135e4       0x85 ./system/src/stm32f4xx/stm32f4xx_hal.o
 .debug_macro   0x0000000000013669       0x89 ./system/src/stm32f4xx/stm32f4xx_hal.o
 .debug_macro   0x00000000000136f2      0x202 ./system/src/stm32f4xx/stm32f4xx_hal.o
 .debug_macro   0x00000000000138f4      0x11e ./system/src/stm32f4xx/stm32f4xx_hal.o
 .debug_macro   0x0000000000013a12      0x264 ./system/src/stm32f4xx/stm32f4xx_hal_cortex.o
 .debug_macro   0x0000000000013c76      0x29c ./system/src/stm32f4xx/stm32f4xx_hal_gpio.o
 .debug_macro   0x0000000000013f12      0x28e ./system/src/stm32f4xx/stm32f4xx_hal_rcc.o
 .debug_macro   0x00000000000141a0      0x131 ./system/src/newlib/_exit.o
 .debug_macro   0x00000000000142d1      0x10e ./system/src/newlib/_exit.o
 .debug_macro   0x00000000000143df       0x86 ./system/src/newlib/_exit.o
 .debug_macro   0x0000000000014465       0x35 ./system/src/newlib/_exit.o
 .debug_macro   0x000000000001449a       0xed ./system/src/newlib/_sbrk.o
 .debug_macro   0x0000000000014587      0x16d ./system/src/newlib/_sbrk.o
 .debug_macro   0x00000000000146f4       0x10 ./system/src/newlib/_sbrk.o
 .debug_macro   0x0000000000014704      0x23b ./system/src/newlib/_sbrk.o
 .debug_macro   0x000000000001493f       0xf7 ./system/src/newlib/_startup.o
 .debug_macro   0x0000000000014a36      0x1ad ./system/src/newlib/_syscalls.o
 .debug_macro   0x0000000000014be3       0x1c ./system/src/newlib/_syscalls.o
 .debug_macro   0x0000000000014bff       0x10 ./system/src/newlib/_syscalls.o
 .debug_macro   0x0000000000014c0f       0x10 ./system/src/newlib/_syscalls.o
 .debug_macro   0x0000000000014c1f       0x10 ./system/src/newlib/_syscalls.o
 .debug_macro   0x0000000000014c2f       0x10 ./system/src/newlib/_syscalls.o
 .debug_macro   0x0000000000014c3f       0x35 ./system/src/newlib/_syscalls.o
 .debug_macro   0x0000000000014c74      0x122 ./system/src/newlib/_syscalls.o
 .debug_macro   0x0000000000014d96       0x2e ./system/src/newlib/_syscalls.o
 .debug_macro   0x0000000000014dc4       0x82 ./system/src/newlib/_syscalls.o
 .debug_macro   0x0000000000014e46       0x2b ./system/src/newlib/_syscalls.o
 .debug_macro   0x0000000000014e71      0x118 ./system/src/newlib/_syscalls.o
 .debug_macro   0x0000000000014f89      0x159 ./system/src/newlib/_syscalls.o
 .debug_macro   0x00000000000150e2       0x16 ./system/src/newlib/_syscalls.o
 .debug_macro   0x00000000000150f8      0x15e ./system/src/diag/Trace.o
 .debug_macro   0x0000000000015256       0x52 ./system/src/diag/Trace.o
 .debug_macro   0x00000000000152a8       0x16 ./system/src/diag/Trace.o
 .debug_macro   0x00000000000152be      0x167 ./system/src/diag/trace_impl.o
 .debug_macro   0x0000000000015425       0x10 ./system/src/diag/trace_impl.o
 .debug_macro   0x0000000000015435       0xc8 ./system/src/diag/trace_impl.o
 .debug_macro   0x00000000000154fd       0x19 ./system/src/diag/trace_impl.o
 .debug_macro   0x0000000000015516       0xbe ./system/src/diag/trace_impl.o
 .debug_macro   0x00000000000155d4       0x85 ./system/src/cortexm/_initialize_hardware.o
 .debug_macro   0x0000000000015659      0x1b3 ./system/src/cortexm/exception_handlers.o
 .debug_macro   0x000000000001580c       0x22 ./system/src/cortexm/exception_handlers.o
 .debug_macro   0x000000000001582e       0x10 ./system/src/cortexm/exception_handlers.o
 .debug_macro   0x000000000001583e       0x8d ./system/src/cmsis/system_stm32f4xx.o
 .debug_macro   0x00000000000158cb      0x277 ./src/main.o
 .debug_macro   0x0000000000015b42      0x1c1 ./src/main.o
 .debug_macro   0x0000000000015d03      0x285 ./src/stm32f4xx_it.o
